npm notice run bambi@0.1.0 build
npm notice run next build
▲ Next.js 16.3.0 (Turbopack)
✓ Running next.config.ts took 97ms

  Creating an optimized production build ...
✓ Compiled successfully in 9.8s
  Running TypeScript ...
  Finished TypeScript in 25.7s ...
  Collecting page data using 3 workers ...
  Generating static pages using 3 workers (0/11) ...
  Generating static pages using 3 workers (2/11) 
  Generating static pages using 3 workers (5/11) 
  Generating static pages using 3 workers (8/11) 
✓ Generating static pages using 3 workers (11/11) in 2.1s
  Finalizing page optimization ...

Route (app)
┌ ○ /
├ ○ /_not-found
├ ○ /achievements
├ ○ /growth
├ ○ /habits
├ ○ /journal
├ ○ /onboarding
├ ○ /settings
└ ○ /today


○  (Static)  prerendered as static content

