npm notice run bambi@0.1.0 build
npm notice run next build
▲ Next.js 16.3.0 (Turbopack)
✓ Running next.config.ts took 491ms

  Creating an optimized production build ...
✓ Compiled successfully in 2.0min
  Running TypeScript ...
✓ Finished writing to filesystem cache in 13.6s
  Finished TypeScript in 19.9s ...
  Collecting page data using 3 workers ...
  Generating static pages using 3 workers (0/15) ...
  Generating static pages using 3 workers (3/15) 
  Generating static pages using 3 workers (7/15) 
  Generating static pages using 3 workers (11/15) 
✓ Generating static pages using 3 workers (15/15) in 1674ms
  Finalizing page optimization ...

Route (app)
┌ ○ /
├ ○ /_not-found
├ ○ /achievements
├ ○ /challenges
├ ○ /focus
├ ○ /growth
├ ○ /habits
├ ○ /journal
├ ○ /onboarding
├ ○ /reflection
├ ○ /settings
├ ○ /today
└ ○ /vision


○  (Static)  prerendered as static content

