npm notice run bambi@0.1.0 build
npm notice run next build
▲ Next.js 16.3.0 (Turbopack)
✓ Running next.config.ts took 228ms

  Creating an optimized production build ...
✓ Compiled successfully in 12.2s
  Running TypeScript ...
✓ Finished writing to filesystem cache in 21.0s
  Finished TypeScript in 20.5s ...
  Collecting page data using 3 workers ...
  Generating static pages using 3 workers (0/11) ...
  Generating static pages using 3 workers (2/11) 
  Generating static pages using 3 workers (5/11) 
  Generating static pages using 3 workers (8/11) 
✓ Generating static pages using 3 workers (11/11) in 3.1s
  Finalizing page optimization ...

Route (app)
┌ ○ /
├ ○ /_not-found
├ ○ /achievements
├ ○ /growth
├ ○ /habits
├ ○ /journal
├ ○ /onboarding
├ ○ /settings
└ ○ /today


○  (Static)  prerendered as static content

